[33mΓ¥»[39m Building...
[32mΓ£ö[39m Building...
Application bundle generation failed. [4.895 seconds] - 2026-03-26T04:26:35.501Z

node.exe : [1m[31m[31mX 
[41;31m[[41;97mERROR[41;31m][0m 
[1mTS2345: Argument of type 'Event' is not 
assignable to parameter of type 
'KeyboardEvent'.
At line:1 char:1
+ & "C:\Program Files\nodejs/node.exe" 
"C:\Program Files\nodejs/node_mo ...
+ ~~~~~~~~~~~~~~~~~~~~~~~~~~~~~~~~~~~~~~~~~~~~
~~~~~~~~~~~~~~~~~~~~~~~~~
    + CategoryInfo          : NotSpecified: 
([    
1m[31m[31mX...KeyboardEvent'.:String) [],   
  RemoteException
    + FullyQualifiedErrorId : 
NativeCommandErro    r
 
  Type 'Event' is missing the following 
properties from type 'KeyboardEvent': altKey, 
charCode, code, ctrlKey, and 17 more.[0m 
[1m[35m[plugin angular-compiler][0m

    src/app/screens/alumno/catalogo/catalogo.c
omponent.ts:56:45:
[37m      56 Γöé     
@HostListener('window:keydown.Escape', 
['[32m$event[37m'])
         Γò╡                                  
            [32m~~~~~~[0m


[31mX [41;31m[[41;97mERROR[41;31m][0m 
[1mTS2345: Argument of type 'Event' is not 
assignable to parameter of type 
'KeyboardEvent'.
  Type 'Event' is missing the following 
properties from type 'KeyboardEvent': altKey, 
charCode, code, ctrlKey, and 17 more.[0m 
[1m[35m[plugin angular-compiler][0m

    src/app/screens/alumno/mis-eventos/mis-eve
ntos.ts:44:45:
[37m      44 Γöé     
@HostListener('window:keydown.Escape', 
['[32m$event[37m'])
         Γò╡                                  
            [32m~~~~~~[0m

[39m[22m
